// Jest Snapshot v1, https://goo.gl/fbAQLP

exports[`<Home /> should render and match the snapshot 1`] = `
<section
  class="Section-eaizcf-0 lnleCN"
>
  <h1
    class="H1-tncdg6-0 jcnLlZ"
  >
    Champions League Participants
  </h1>
  <div
    class="Wrapper-sc-1umgotm-0 laCwDT"
  >
    <ul
      class="Ul-mwnq6h-0 jcxXFy"
    >
      <li
        class="Wrapper-euo0oy-0 jLvxtc"
      >
        <div
          class="Item-sc-3y9mie-0 fKXSkT"
        >
          Arsenal
        </div>
      </li>
    </ul>
  </div>
</section>
`;
