// Jest Snapshot v1, https://goo.gl/fbAQLP

exports[`<Header /> should render a div 1`] = `
<div>
  <img
    alt="react-boilerplate - championsleague"
    class="Img-sc-9pa8on-0 eepIiv"
    src="https://d107a8nc3g2c4h.cloudfront.net/blog/wp-content/uploads/2018/02/UEFA_Champions_League_banner.jpg"
  />
  <div
    class="NavBar-sc-3b48xb-0 ioQxlc"
  >
    <a
      class="HeaderLink-sc-1mtyaiv-0 hMiTYG"
      href="/"
    >
      <span>
        Home
      </span>
    </a>
    <a
      class="HeaderLink-sc-1mtyaiv-0 hMiTYG"
      href="/register"
    >
      <span>
        Add Your Team
      </span>
    </a>
  </div>
</div>
`;
