// Jest Snapshot v1, https://goo.gl/fbAQLP

exports[`<AddTeam /> should render and match the snapshot 1`] = `
<article>
  <div>
    <section
      class="Section-ket8oq-0 CenteredSection-lpvr5o-0 epDwMw"
    >
      <h2
        class="H2-egphza-0 HsCXl"
      >
        <span>
          Do you have what it takes to win the Champions League?
        </span>
      </h2>
      <p>
        <span>
          Your team name has to be between 1 and 20 characters (number & symbols allowed)
        </span>
      </p>
      <p>
        <span>
          Keep in mind that no dulpicate names are allowed!
        </span>
      </p>
    </section>
    <section
      class="Section-ket8oq-0 joDnBK"
    >
      <h2
        class="H2-egphza-0 HsCXl"
      >
        <span>
          Add Your Team!
        </span>
      </h2>
      <form
        class="Form-sc-131jk1n-0 dvEhEW"
      >
        <label
          for="teamname"
        >
          <input
            class="Input-sc-1u4rld3-0 hjznZH"
            id="teamname"
            placeholder="Insert your team name"
            type="text"
            value=""
          />
        </label>
        <button
          class="Button-sc-700fna-0 jLQkUW"
        >
          Add Team
        </button>
      </form>
      <section
        class="ErrorArea__Section-j2gckk-0 cpOjvw"
      >
        <section
          class="Success__Warning-sc-1hdr56j-0 llmbwq"
        >
           
          
           
        </section>
        <section
          class="Warning-sc-1grgbrk-0 hwgZwO"
        >
           
          
           
        </section>
      </section>
    </section>
  </div>
</article>
`;
